-- ============================================================
-- BDD - TRABALHO
-- Script executado a partir de Comandos.txt + resolução dos
-- exercícios da seção TRABALHO
-- ============================================================
SET datestyle = 'ISO, DMY';
SET
-- ============================================================
-- PARTE 1 - COMANDOS DO ARQUIVO Comandos.txt (criação das tabelas)
-- ============================================================
CREATE TABLE CIDADE(
    ID INT PRIMARY KEY,
	NOME VARCHAR(100),
	UF CHAR(2)
);
CREATE TABLE
CREATE TABLE FORNECEDOR(
	ID INT NOT NULL PRIMARY KEY,
	CIDADE_ID INT NOT NULL,
	NOME VARCHAR(100),
	ENDERECO VARCHAR(150),
	FONE VARCHAR(20),
	DATA_CAD DATE,
	CONSTRAINT FK_FORNECEDOR_CIDADE FOREIGN KEY(CIDADE_ID) REFERENCES CIDADE(ID)
);
CREATE TABLE
CREATE TABLE COMPRA(
	ID INT NOT NULL PRIMARY KEY,
	FORNECEDOR_ID INT NOT NULL,
	DATA_EMICAO DATE,
	VALOR_TOTAL DECIMAL(10,2),
	FOREIGN KEY(FORNECEDOR_ID) REFERENCES FORNECEDOR(ID)
);
CREATE TABLE
CREATE TABLE CLIENTE(
	ID INT NOT NULL PRIMARY KEY,
	CIDADE_ID INT NOT NULL,
	NOME VARCHAR(100),
	ENDERECO VARCHAR(150),
	FONE VARCHAR(20),
	DATA_NASC DATE,
	FOREIGN KEY(CIDADE_ID) REFERENCES CIDADE(ID)
);
CREATE TABLE
CREATE TABLE PRODUTO(
  ID INT NOT NULL,
  DESCRICAO VARCHAR(150),
  VALOR DECIMAL(10,2),
  QT DECIMAL(10,3),
  PRIMARY KEY (ID)
);
CREATE TABLE
CREATE TABLE VENDA(
	ID INT NOT NULL PRIMARY KEY,
	CLIENTE_ID INT NOT NULL,
	DATA_EMICAO DATE,
	VALOR_TOTAL DECIMAL(10,2),
	FOREIGN KEY(CLIENTE_ID) REFERENCES CLIENTE(ID)
);
CREATE TABLE
CREATE TABLE VENDA_ITENS(
    PRODUTO_ID INT NOT NULL,
    VENDA_ID INT NOT NULL,
    VL_UNIT DECIMAL(10,2),
    QT INT NOT NULL,
    VL_TOTAL DECIMAL(10,2),
    PRIMARY KEY (PRODUTO_ID, VENDA_ID)
);
CREATE TABLE
CREATE TABLE COMPRA_ITENS(
    PRODUTO_ID INT NOT NULL,
    COMPRA_ID INT NOT NULL,
    VL_UNIT DECIMAL(10,2),
    QT INT NOT NULL,
    VL_TOTAL DECIMAL(10,2),
    PRIMARY KEY (PRODUTO_ID, COMPRA_ID)
);
CREATE TABLE
ALTER TABLE VENDA_ITENS ADD CONSTRAINT FK_VENDA_ITENS_VENDA FOREIGN KEY (VENDA_ID) REFERENCES VENDA(ID);
ALTER TABLE
ALTER TABLE VENDA_ITENS ADD CONSTRAINT FK_VENDA_ITENS_PRODUTO FOREIGN KEY(PRODUTO_ID) REFERENCES PRODUTO(ID);
ALTER TABLE
ALTER TABLE COMPRA_ITENS ADD CONSTRAINT FK_COMPRA_ITENS_COMPRA FOREIGN KEY (COMPRA_ID) REFERENCES COMPRA(ID);
ALTER TABLE
ALTER TABLE COMPRA_ITENS ADD CONSTRAINT FK_COMPRA_ITENS_PRODUTO FOREIGN KEY(PRODUTO_ID) REFERENCES PRODUTO(ID);
ALTER TABLE
-- ============================================================
-- PARTE 2 - INSERTS DO ARQUIVO
-- NOTA: dois ajustes foram feitos em relação ao arquivo original:
--   1) A tabela CLIENTE foi criada com a coluna DATA_NASC, mas os
--      INSERTs do arquivo usavam DT_NASC (nome errado) -> corrigido.
--   2) Nas linhas 100 e 110 do arquivo original, dois itens de venda
--      foram inseridos com VENDA_ID=1 por engano, repetindo a mesma
--      chave primária (PRODUTO_ID, VENDA_ID) já usada nas linhas 96/97
--      -> corrigido para VENDA_ID=2 e VENDA_ID=5, respectivamente,
--      que é o que os valores totais de cada venda indicam ser a
--      intenção original.
-- ============================================================
INSERT INTO CIDADE(ID, NOME, UF) VALUES(1, 'MARINGÁ', 'PR');
INSERT 0 1
INSERT INTO CIDADE(ID, NOME, UF) VALUES(2, 'SARANDI', 'PR');
INSERT 0 1
INSERT INTO CIDADE(ID, NOME, UF) VALUES(3, 'MARIALVA', 'PR');
INSERT 0 1
INSERT INTO CIDADE(ID, NOME, UF) VALUES(4, 'SÃO PAULO', 'SP');
INSERT 0 1
INSERT INTO CIDADE(ID, NOME, UF) VALUES(5, 'RIO DE JANEIRO', 'RJ');
INSERT 0 1
INSERT INTO CLIENTE(ID,NOME,ENDERECO,FONE,DATA_NASC,CIDADE_ID) VALUES(1, 'DOUGLAS', 'AV BRASIL', '(44) 9 9999-8888', '01/01/1981', 5);
INSERT 0 1
INSERT INTO CLIENTE(ID,NOME,ENDERECO,FONE,DATA_NASC,CIDADE_ID) VALUES(2, 'HELENA',  'AV PARANÁ', '(44) 9 9999-8888', '01/01/2019', 1);
INSERT 0 1
INSERT INTO CLIENTE(ID,NOME,ENDERECO,FONE,DATA_NASC,CIDADE_ID) VALUES(3, 'ARTHUR', 'AV MARINGÁ', '(44) 9 9999-8888', '01/01/2026', 2);
INSERT 0 1
INSERT INTO CLIENTE(ID,NOME,ENDERECO,FONE,DATA_NASC,CIDADE_ID) VALUES(4, 'FULANO', 'AV BRASIL', '(44) 9 9999-8888', '01/01/1981', 3);
INSERT 0 1
INSERT INTO CLIENTE(ID,NOME,ENDERECO,FONE,DATA_NASC,CIDADE_ID) VALUES(5, 'BELTRANO', 'AV BRASIL', '(44) 9 9999-8888', '01/01/1981', 4);
INSERT 0 1
INSERT INTO PRODUTO(ID,DESCRICAO,VALOR,QT) VALUES(1,'SOFA AZUL', '1000.00', '100.00');
INSERT 0 1
INSERT INTO PRODUTO(ID,DESCRICAO,VALOR,QT) VALUES(2,'ARMARIO ', '500.00', '100.00');
INSERT 0 1
INSERT INTO PRODUTO(ID,DESCRICAO,VALOR,QT) VALUES(3,'CADEIRA ', '200.00', '200.00');
INSERT 0 1
INSERT INTO PRODUTO(ID,DESCRICAO,VALOR,QT) VALUES(4,'MESA', '400.00', '100.00');
INSERT 0 1
INSERT INTO PRODUTO(ID,DESCRICAO,VALOR,QT) VALUES(5,'SUPORTE TV', '300.00', '300.00');
INSERT 0 1
INSERT INTO VENDA(ID, CLIENTE_ID, DATA_EMICAO, VALOR_TOTAL) VALUES(1,1,'01-01-2026', '1200.00');
INSERT 0 1
INSERT INTO VENDA_ITENS(PRODUTO_ID, VENDA_ID, VL_UNIT, QT, VL_TOTAL) VALUES(1,1,'500.00',2,'1000.00');
INSERT 0 1
INSERT INTO VENDA_ITENS(PRODUTO_ID, VENDA_ID, VL_UNIT, QT, VL_TOTAL) VALUES(2,1,'200.00',1,'200.00');
INSERT 0 1
INSERT INTO VENDA(ID, CLIENTE_ID, DATA_EMICAO, VALOR_TOTAL) VALUES(2,2,'01-01-2026', '500.00');
INSERT 0 1
INSERT INTO VENDA_ITENS(PRODUTO_ID, VENDA_ID, VL_UNIT, QT, VL_TOTAL) VALUES(2,2,'500.00',1,'500.00');
INSERT 0 1
INSERT INTO VENDA(ID, CLIENTE_ID, DATA_EMICAO, VALOR_TOTAL) VALUES(3,3,'01-01-2026', '1200.00');
INSERT 0 1
INSERT INTO VENDA_ITENS(PRODUTO_ID, VENDA_ID, VL_UNIT, QT, VL_TOTAL) VALUES(1,3,'1000.00',1,'1000.00');
INSERT 0 1
INSERT INTO VENDA_ITENS(PRODUTO_ID, VENDA_ID, VL_UNIT, QT, VL_TOTAL) VALUES(3,3,'200.00',1,'200.00');
INSERT 0 1
INSERT INTO VENDA(ID, CLIENTE_ID, DATA_EMICAO, VALOR_TOTAL) VALUES(4,4,'01-01-2026', '300.00');
INSERT 0 1
INSERT INTO VENDA_ITENS(PRODUTO_ID, VENDA_ID, VL_UNIT, QT, VL_TOTAL) VALUES(5,4,'300.00',1,'300.00');
INSERT 0 1
INSERT INTO VENDA(ID, CLIENTE_ID, DATA_EMICAO, VALOR_TOTAL) VALUES(5,5,'01-01-2026', '1000.00');
INSERT 0 1
INSERT INTO VENDA_ITENS(PRODUTO_ID, VENDA_ID, VL_UNIT, QT, VL_TOTAL) VALUES(1,5,'1000.00',1,'1000.00');
INSERT 0 1
-- ============================================================
-- PARTE 3 - EXEMPLOS DE UPDATE / DELETE / SELECT DO ARQUIVO
-- ============================================================
-- UPDATE de exemplo
UPDATE CIDADE SET NOME='Marilia', UF='SP' WHERE ID = 1;
UPDATE 1
-- DELETE de exemplo
-- NOTA: essa instrução, executada tal como está no arquivo, falha
-- de propósito: a cidade ID=1 é referenciada pelo cliente HELENA
-- (CIDADE_ID=1), então o banco bloqueia a exclusão por integridade
-- referencial (erro de FOREIGN KEY). Isso é o comportamento correto
-- e esperado de um banco normalizado, por isso o DELETE foi mantido
-- e o erro documentado no arquivo de respostas, em vez de "forçado"
-- a funcionar.
DELETE FROM CIDADE WHERE ID = 1;
psql:/script.sql:149: ERROR:  update or delete on table "cidade" violates foreign key constraint "cliente_cidade_id_fkey" on table "cliente"
DETAIL:  Key (id)=(1) is still referenced from table "cliente".
-- SELECTs de exemplo (já refletem o UPDATE acima)
SELECT * FROM CIDADE WHERE UF = 'PR';
 id |   nome   | uf 
----+----------+----
  2 | SARANDI  | PR
  3 | MARIALVA | PR
(2 rows)

SELECT * FROM CIDADE WHERE NOME = 'RIO DE JANEIRO';
 id |      nome      | uf 
----+----------------+----
  5 | RIO DE JANEIRO | RJ
(1 row)

SELECT * FROM CIDADE WHERE NOME LIKE '%DE JANEIRO';
 id |      nome      | uf 
----+----------------+----
  5 | RIO DE JANEIRO | RJ
(1 row)

SELECT * FROM CIDADE WHERE NOME LIKE '%DE%';
 id |      nome      | uf 
----+----------------+----
  5 | RIO DE JANEIRO | RJ
(1 row)

SELECT * FROM CIDADE WHERE NOME LIKE '%DE%' AND UF = 'PR';
 id | nome | uf 
----+------+----
(0 rows)

SELECT * FROM CIDADE WHERE NOME LIKE '%DE%' OR UF = 'PR';
 id |      nome      | uf 
----+----------------+----
  2 | SARANDI        | PR
  3 | MARIALVA       | PR
  5 | RIO DE JANEIRO | RJ
(3 rows)

SELECT * FROM CIDADE WHERE ID BETWEEN 1 AND 3;
 id |   nome   | uf 
----+----------+----
  1 | Marilia  | SP
  2 | SARANDI  | PR
  3 | MARIALVA | PR
(3 rows)

-- ============================================================
-- PARTE 4 - TRABALHO
-- ============================================================
-- 1) Tabela de Contas a Receber
CREATE TABLE CT_RECEBER(
    ID INT NOT NULL PRIMARY KEY,
    VENDA_ID INT NOT NULL,
    DATA_VENCIMENTO DATE,
    DATA_PAGAMENTO DATE,
    VALOR_PARCELA DECIMAL(10,2),
    JUROS DECIMAL(10,2),
    MULTA DECIMAL(10,2),
    VALOR_PAGO DECIMAL(10,2),
    NUMERO_PARCELA INT,
    TOTAL_PARCELAS INT,
    CONSTRAINT FK_CTRECEBER_VENDA FOREIGN KEY (VENDA_ID) REFERENCES VENDA(ID)
);
CREATE TABLE
-- 2) 5 vendas novas com valores e itens aleatórios (IDs 6 a 10,
--    continuando a sequência das vendas já existentes 1 a 5)
INSERT INTO VENDA(ID, CLIENTE_ID, DATA_EMICAO, VALOR_TOTAL) VALUES (6, 2, '15-01-2026', 700.00);
INSERT 0 1
INSERT INTO VENDA_ITENS(PRODUTO_ID, VENDA_ID, VL_UNIT, QT, VL_TOTAL) VALUES (4, 6, 400.00, 1, 400.00);
INSERT 0 1
INSERT INTO VENDA_ITENS(PRODUTO_ID, VENDA_ID, VL_UNIT, QT, VL_TOTAL) VALUES (3, 6, 300.00, 1, 300.00);
INSERT 0 1
INSERT INTO VENDA(ID, CLIENTE_ID, DATA_EMICAO, VALOR_TOTAL) VALUES (7, 4, '03-03-2026', 1500.00);
INSERT 0 1
INSERT INTO VENDA_ITENS(PRODUTO_ID, VENDA_ID, VL_UNIT, QT, VL_TOTAL) VALUES (1, 7, 1000.00, 1, 1000.00);
INSERT 0 1
INSERT INTO VENDA_ITENS(PRODUTO_ID, VENDA_ID, VL_UNIT, QT, VL_TOTAL) VALUES (2, 7, 500.00, 1, 500.00);
INSERT 0 1
INSERT INTO VENDA(ID, CLIENTE_ID, DATA_EMICAO, VALOR_TOTAL) VALUES (8, 1, '22-01-2026', 300.00);
INSERT 0 1
INSERT INTO VENDA_ITENS(PRODUTO_ID, VENDA_ID, VL_UNIT, QT, VL_TOTAL) VALUES (3, 8, 200.00, 1, 200.00);
INSERT 0 1
INSERT INTO VENDA_ITENS(PRODUTO_ID, VENDA_ID, VL_UNIT, QT, VL_TOTAL) VALUES (5, 8, 100.00, 1, 100.00);
INSERT 0 1
INSERT INTO VENDA(ID, CLIENTE_ID, DATA_EMICAO, VALOR_TOTAL) VALUES (9, 5, '10-07-2026', 900.00);
INSERT 0 1
INSERT INTO VENDA_ITENS(PRODUTO_ID, VENDA_ID, VL_UNIT, QT, VL_TOTAL) VALUES (2, 9, 500.00, 1, 500.00);
INSERT 0 1
INSERT INTO VENDA_ITENS(PRODUTO_ID, VENDA_ID, VL_UNIT, QT, VL_TOTAL) VALUES (5, 9, 400.00, 1, 400.00);
INSERT 0 1
INSERT INTO VENDA(ID, CLIENTE_ID, DATA_EMICAO, VALOR_TOTAL) VALUES (10, 3, '28-11-2026', 1000.00);
INSERT 0 1
INSERT INTO VENDA_ITENS(PRODUTO_ID, VENDA_ID, VL_UNIT, QT, VL_TOTAL) VALUES (1, 10, 1000.00, 1, 1000.00);
INSERT 0 1
-- 3) Para cada venda nova, gerar 5 ou 10 parcelas em CT_RECEBER
--    (venda 6: 5 parcelas / venda 7: 10 parcelas / venda 8: 5 parcelas
--     venda 9: 10 parcelas / venda 10: 5 parcelas)
-- Venda 6 - 700.00 em 5x de 140.00 - vencimentos mensais a partir de 15/02/2026
INSERT INTO CT_RECEBER(ID,VENDA_ID,DATA_VENCIMENTO,DATA_PAGAMENTO,VALOR_PARCELA,JUROS,MULTA,VALOR_PAGO,NUMERO_PARCELA,TOTAL_PARCELAS) VALUES
(1,6,'15-02-2026',NULL,140.00,0,0,NULL,1,5),
(2,6,'15-03-2026',NULL,140.00,0,0,NULL,2,5),
(3,6,'15-04-2026',NULL,140.00,0,0,NULL,3,5),
(4,6,'15-05-2026',NULL,140.00,0,0,NULL,4,5),
(5,6,'15-06-2026',NULL,140.00,0,0,NULL,5,5);
INSERT 0 5
-- Venda 7 - 1500.00 em 10x de 150.00 - vencimentos mensais a partir de 03/04/2026
INSERT INTO CT_RECEBER(ID,VENDA_ID,DATA_VENCIMENTO,DATA_PAGAMENTO,VALOR_PARCELA,JUROS,MULTA,VALOR_PAGO,NUMERO_PARCELA,TOTAL_PARCELAS) VALUES
(6,7,'03-04-2026',NULL,150.00,0,0,NULL,1,10),
(7,7,'03-05-2026',NULL,150.00,0,0,NULL,2,10),
(8,7,'03-06-2026',NULL,150.00,0,0,NULL,3,10),
(9,7,'03-07-2026',NULL,150.00,0,0,NULL,4,10),
(10,7,'03-08-2026',NULL,150.00,0,0,NULL,5,10),
(11,7,'03-09-2026',NULL,150.00,0,0,NULL,6,10),
(12,7,'03-10-2026',NULL,150.00,0,0,NULL,7,10),
(13,7,'03-11-2026',NULL,150.00,0,0,NULL,8,10),
(14,7,'03-12-2026',NULL,150.00,0,0,NULL,9,10),
(15,7,'03-01-2027',NULL,150.00,0,0,NULL,10,10);
INSERT 0 10
-- Venda 8 - 300.00 em 5x de 60.00 - vencimentos mensais a partir de 22/02/2026
INSERT INTO CT_RECEBER(ID,VENDA_ID,DATA_VENCIMENTO,DATA_PAGAMENTO,VALOR_PARCELA,JUROS,MULTA,VALOR_PAGO,NUMERO_PARCELA,TOTAL_PARCELAS) VALUES
(16,8,'22-02-2026',NULL,60.00,0,0,NULL,1,5),
(17,8,'22-03-2026',NULL,60.00,0,0,NULL,2,5),
(18,8,'22-04-2026',NULL,60.00,0,0,NULL,3,5),
(19,8,'22-05-2026',NULL,60.00,0,0,NULL,4,5),
(20,8,'22-06-2026',NULL,60.00,0,0,NULL,5,5);
INSERT 0 5
-- Venda 9 - 900.00 em 10x de 90.00 - vencimentos mensais a partir de 10/08/2026
INSERT INTO CT_RECEBER(ID,VENDA_ID,DATA_VENCIMENTO,DATA_PAGAMENTO,VALOR_PARCELA,JUROS,MULTA,VALOR_PAGO,NUMERO_PARCELA,TOTAL_PARCELAS) VALUES
(21,9,'10-08-2026',NULL,90.00,0,0,NULL,1,10),
(22,9,'10-09-2026',NULL,90.00,0,0,NULL,2,10),
(23,9,'10-10-2026',NULL,90.00,0,0,NULL,3,10),
(24,9,'10-11-2026',NULL,90.00,0,0,NULL,4,10),
(25,9,'10-12-2026',NULL,90.00,0,0,NULL,5,10),
(26,9,'10-01-2027',NULL,90.00,0,0,NULL,6,10),
(27,9,'10-02-2027',NULL,90.00,0,0,NULL,7,10),
(28,9,'10-03-2027',NULL,90.00,0,0,NULL,8,10),
(29,9,'10-04-2027',NULL,90.00,0,0,NULL,9,10),
(30,9,'10-05-2027',NULL,90.00,0,0,NULL,10,10);
INSERT 0 10
-- Venda 10 - 1000.00 em 5x de 200.00 - vencimentos mensais a partir de 28/12/2026
INSERT INTO CT_RECEBER(ID,VENDA_ID,DATA_VENCIMENTO,DATA_PAGAMENTO,VALOR_PARCELA,JUROS,MULTA,VALOR_PAGO,NUMERO_PARCELA,TOTAL_PARCELAS) VALUES
(31,10,'28-12-2026',NULL,200.00,0,0,NULL,1,5),
(32,10,'28-01-2027',NULL,200.00,0,0,NULL,2,5),
(33,10,'28-02-2027',NULL,200.00,0,0,NULL,3,5),
(34,10,'28-03-2027',NULL,200.00,0,0,NULL,4,5),
(35,10,'28-04-2027',NULL,200.00,0,0,NULL,5,5);
INSERT 0 5
-- 4) Todas as vendas realizadas no mês de janeiro
SELECT * FROM VENDA WHERE EXTRACT(MONTH FROM DATA_EMICAO) = 1;
 id | cliente_id | data_emicao | valor_total 
----+------------+-------------+-------------
  1 |          1 | 2026-01-01  |     1200.00
  2 |          2 | 2026-01-01  |      500.00
  3 |          3 | 2026-01-01  |     1200.00
  4 |          4 | 2026-01-01  |      300.00
  5 |          5 | 2026-01-01  |     1000.00
  6 |          2 | 2026-01-15  |      700.00
  8 |          1 | 2026-01-22  |      300.00
(7 rows)

-- 5) Todas as parcelas de contas a receber
SELECT * FROM CT_RECEBER;
 id | venda_id | data_vencimento | data_pagamento | valor_parcela | juros | multa | valor_pago | numero_parcela | total_parcelas 
----+----------+-----------------+----------------+---------------+-------+-------+------------+----------------+----------------
  1 |        6 | 2026-02-15      |                |        140.00 |  0.00 |  0.00 |            |              1 |              5
  2 |        6 | 2026-03-15      |                |        140.00 |  0.00 |  0.00 |            |              2 |              5
  3 |        6 | 2026-04-15      |                |        140.00 |  0.00 |  0.00 |            |              3 |              5
  4 |        6 | 2026-05-15      |                |        140.00 |  0.00 |  0.00 |            |              4 |              5
  5 |        6 | 2026-06-15      |                |        140.00 |  0.00 |  0.00 |            |              5 |              5
  6 |        7 | 2026-04-03      |                |        150.00 |  0.00 |  0.00 |            |              1 |             10
  7 |        7 | 2026-05-03      |                |        150.00 |  0.00 |  0.00 |            |              2 |             10
  8 |        7 | 2026-06-03      |                |        150.00 |  0.00 |  0.00 |            |              3 |             10
  9 |        7 | 2026-07-03      |                |        150.00 |  0.00 |  0.00 |            |              4 |             10
 10 |        7 | 2026-08-03      |                |        150.00 |  0.00 |  0.00 |            |              5 |             10
 11 |        7 | 2026-09-03      |                |        150.00 |  0.00 |  0.00 |            |              6 |             10
 12 |        7 | 2026-10-03      |                |        150.00 |  0.00 |  0.00 |            |              7 |             10
 13 |        7 | 2026-11-03      |                |        150.00 |  0.00 |  0.00 |            |              8 |             10
 14 |        7 | 2026-12-03      |                |        150.00 |  0.00 |  0.00 |            |              9 |             10
 15 |        7 | 2027-01-03      |                |        150.00 |  0.00 |  0.00 |            |             10 |             10
 16 |        8 | 2026-02-22      |                |         60.00 |  0.00 |  0.00 |            |              1 |              5
 17 |        8 | 2026-03-22      |                |         60.00 |  0.00 |  0.00 |            |              2 |              5
 18 |        8 | 2026-04-22      |                |         60.00 |  0.00 |  0.00 |            |              3 |              5
 19 |        8 | 2026-05-22      |                |         60.00 |  0.00 |  0.00 |            |              4 |              5
 20 |        8 | 2026-06-22      |                |         60.00 |  0.00 |  0.00 |            |              5 |              5
 21 |        9 | 2026-08-10      |                |         90.00 |  0.00 |  0.00 |            |              1 |             10
 22 |        9 | 2026-09-10      |                |         90.00 |  0.00 |  0.00 |            |              2 |             10
 23 |        9 | 2026-10-10      |                |         90.00 |  0.00 |  0.00 |            |              3 |             10
 24 |        9 | 2026-11-10      |                |         90.00 |  0.00 |  0.00 |            |              4 |             10
 25 |        9 | 2026-12-10      |                |         90.00 |  0.00 |  0.00 |            |              5 |             10
 26 |        9 | 2027-01-10      |                |         90.00 |  0.00 |  0.00 |            |              6 |             10
 27 |        9 | 2027-02-10      |                |         90.00 |  0.00 |  0.00 |            |              7 |             10
 28 |        9 | 2027-03-10      |                |         90.00 |  0.00 |  0.00 |            |              8 |             10
 29 |        9 | 2027-04-10      |                |         90.00 |  0.00 |  0.00 |            |              9 |             10
 30 |        9 | 2027-05-10      |                |         90.00 |  0.00 |  0.00 |            |             10 |             10
 31 |       10 | 2026-12-28      |                |        200.00 |  0.00 |  0.00 |            |              1 |              5
 32 |       10 | 2027-01-28      |                |        200.00 |  0.00 |  0.00 |            |              2 |              5
 33 |       10 | 2027-02-28      |                |        200.00 |  0.00 |  0.00 |            |              3 |              5
 34 |       10 | 2027-03-28      |                |        200.00 |  0.00 |  0.00 |            |              4 |              5
 35 |       10 | 2027-04-28      |                |        200.00 |  0.00 |  0.00 |            |              5 |              5
(35 rows)

-- 6) Parcelas de contas a receber que vencem em 2026
SELECT * FROM CT_RECEBER WHERE EXTRACT(YEAR FROM DATA_VENCIMENTO) = 2026;
 id | venda_id | data_vencimento | data_pagamento | valor_parcela | juros | multa | valor_pago | numero_parcela | total_parcelas 
----+----------+-----------------+----------------+---------------+-------+-------+------------+----------------+----------------
  1 |        6 | 2026-02-15      |                |        140.00 |  0.00 |  0.00 |            |              1 |              5
  2 |        6 | 2026-03-15      |                |        140.00 |  0.00 |  0.00 |            |              2 |              5
  3 |        6 | 2026-04-15      |                |        140.00 |  0.00 |  0.00 |            |              3 |              5
  4 |        6 | 2026-05-15      |                |        140.00 |  0.00 |  0.00 |            |              4 |              5
  5 |        6 | 2026-06-15      |                |        140.00 |  0.00 |  0.00 |            |              5 |              5
  6 |        7 | 2026-04-03      |                |        150.00 |  0.00 |  0.00 |            |              1 |             10
  7 |        7 | 2026-05-03      |                |        150.00 |  0.00 |  0.00 |            |              2 |             10
  8 |        7 | 2026-06-03      |                |        150.00 |  0.00 |  0.00 |            |              3 |             10
  9 |        7 | 2026-07-03      |                |        150.00 |  0.00 |  0.00 |            |              4 |             10
 10 |        7 | 2026-08-03      |                |        150.00 |  0.00 |  0.00 |            |              5 |             10
 11 |        7 | 2026-09-03      |                |        150.00 |  0.00 |  0.00 |            |              6 |             10
 12 |        7 | 2026-10-03      |                |        150.00 |  0.00 |  0.00 |            |              7 |             10
 13 |        7 | 2026-11-03      |                |        150.00 |  0.00 |  0.00 |            |              8 |             10
 14 |        7 | 2026-12-03      |                |        150.00 |  0.00 |  0.00 |            |              9 |             10
 16 |        8 | 2026-02-22      |                |         60.00 |  0.00 |  0.00 |            |              1 |              5
 17 |        8 | 2026-03-22      |                |         60.00 |  0.00 |  0.00 |            |              2 |              5
 18 |        8 | 2026-04-22      |                |         60.00 |  0.00 |  0.00 |            |              3 |              5
 19 |        8 | 2026-05-22      |                |         60.00 |  0.00 |  0.00 |            |              4 |              5
 20 |        8 | 2026-06-22      |                |         60.00 |  0.00 |  0.00 |            |              5 |              5
 21 |        9 | 2026-08-10      |                |         90.00 |  0.00 |  0.00 |            |              1 |             10
 22 |        9 | 2026-09-10      |                |         90.00 |  0.00 |  0.00 |            |              2 |             10
 23 |        9 | 2026-10-10      |                |         90.00 |  0.00 |  0.00 |            |              3 |             10
 24 |        9 | 2026-11-10      |                |         90.00 |  0.00 |  0.00 |            |              4 |             10
 25 |        9 | 2026-12-10      |                |         90.00 |  0.00 |  0.00 |            |              5 |             10
 31 |       10 | 2026-12-28      |                |        200.00 |  0.00 |  0.00 |            |              1 |              5
(25 rows)

-- 7) Parcelas de contas a receber que vencem em 2027
SELECT * FROM CT_RECEBER WHERE EXTRACT(YEAR FROM DATA_VENCIMENTO) = 2027;
 id | venda_id | data_vencimento | data_pagamento | valor_parcela | juros | multa | valor_pago | numero_parcela | total_parcelas 
----+----------+-----------------+----------------+---------------+-------+-------+------------+----------------+----------------
 15 |        7 | 2027-01-03      |                |        150.00 |  0.00 |  0.00 |            |             10 |             10
 26 |        9 | 2027-01-10      |                |         90.00 |  0.00 |  0.00 |            |              6 |             10
 27 |        9 | 2027-02-10      |                |         90.00 |  0.00 |  0.00 |            |              7 |             10
 28 |        9 | 2027-03-10      |                |         90.00 |  0.00 |  0.00 |            |              8 |             10
 29 |        9 | 2027-04-10      |                |         90.00 |  0.00 |  0.00 |            |              9 |             10
 30 |        9 | 2027-05-10      |                |         90.00 |  0.00 |  0.00 |            |             10 |             10
 32 |       10 | 2027-01-28      |                |        200.00 |  0.00 |  0.00 |            |              2 |              5
 33 |       10 | 2027-02-28      |                |        200.00 |  0.00 |  0.00 |            |              3 |              5
 34 |       10 | 2027-03-28      |                |        200.00 |  0.00 |  0.00 |            |              4 |              5
 35 |       10 | 2027-04-28      |                |        200.00 |  0.00 |  0.00 |            |              5 |              5
(10 rows)

-- 8) Parcelas de contas a receber com valor menor que 100
SELECT * FROM CT_RECEBER WHERE VALOR_PARCELA < 100;
 id | venda_id | data_vencimento | data_pagamento | valor_parcela | juros | multa | valor_pago | numero_parcela | total_parcelas 
----+----------+-----------------+----------------+---------------+-------+-------+------------+----------------+----------------
 16 |        8 | 2026-02-22      |                |         60.00 |  0.00 |  0.00 |            |              1 |              5
 17 |        8 | 2026-03-22      |                |         60.00 |  0.00 |  0.00 |            |              2 |              5
 18 |        8 | 2026-04-22      |                |         60.00 |  0.00 |  0.00 |            |              3 |              5
 19 |        8 | 2026-05-22      |                |         60.00 |  0.00 |  0.00 |            |              4 |              5
 20 |        8 | 2026-06-22      |                |         60.00 |  0.00 |  0.00 |            |              5 |              5
 21 |        9 | 2026-08-10      |                |         90.00 |  0.00 |  0.00 |            |              1 |             10
 22 |        9 | 2026-09-10      |                |         90.00 |  0.00 |  0.00 |            |              2 |             10
 23 |        9 | 2026-10-10      |                |         90.00 |  0.00 |  0.00 |            |              3 |             10
 24 |        9 | 2026-11-10      |                |         90.00 |  0.00 |  0.00 |            |              4 |             10
 25 |        9 | 2026-12-10      |                |         90.00 |  0.00 |  0.00 |            |              5 |             10
 26 |        9 | 2027-01-10      |                |         90.00 |  0.00 |  0.00 |            |              6 |             10
 27 |        9 | 2027-02-10      |                |         90.00 |  0.00 |  0.00 |            |              7 |             10
 28 |        9 | 2027-03-10      |                |         90.00 |  0.00 |  0.00 |            |              8 |             10
 29 |        9 | 2027-04-10      |                |         90.00 |  0.00 |  0.00 |            |              9 |             10
 30 |        9 | 2027-05-10      |                |         90.00 |  0.00 |  0.00 |            |             10 |             10
(15 rows)

-- 9) Parcelas de contas a receber com valor maior que 100
SELECT * FROM CT_RECEBER WHERE VALOR_PARCELA > 100;
 id | venda_id | data_vencimento | data_pagamento | valor_parcela | juros | multa | valor_pago | numero_parcela | total_parcelas 
----+----------+-----------------+----------------+---------------+-------+-------+------------+----------------+----------------
  1 |        6 | 2026-02-15      |                |        140.00 |  0.00 |  0.00 |            |              1 |              5
  2 |        6 | 2026-03-15      |                |        140.00 |  0.00 |  0.00 |            |              2 |              5
  3 |        6 | 2026-04-15      |                |        140.00 |  0.00 |  0.00 |            |              3 |              5
  4 |        6 | 2026-05-15      |                |        140.00 |  0.00 |  0.00 |            |              4 |              5
  5 |        6 | 2026-06-15      |                |        140.00 |  0.00 |  0.00 |            |              5 |              5
  6 |        7 | 2026-04-03      |                |        150.00 |  0.00 |  0.00 |            |              1 |             10
  7 |        7 | 2026-05-03      |                |        150.00 |  0.00 |  0.00 |            |              2 |             10
  8 |        7 | 2026-06-03      |                |        150.00 |  0.00 |  0.00 |            |              3 |             10
  9 |        7 | 2026-07-03      |                |        150.00 |  0.00 |  0.00 |            |              4 |             10
 10 |        7 | 2026-08-03      |                |        150.00 |  0.00 |  0.00 |            |              5 |             10
 11 |        7 | 2026-09-03      |                |        150.00 |  0.00 |  0.00 |            |              6 |             10
 12 |        7 | 2026-10-03      |                |        150.00 |  0.00 |  0.00 |            |              7 |             10
 13 |        7 | 2026-11-03      |                |        150.00 |  0.00 |  0.00 |            |              8 |             10
 14 |        7 | 2026-12-03      |                |        150.00 |  0.00 |  0.00 |            |              9 |             10
 15 |        7 | 2027-01-03      |                |        150.00 |  0.00 |  0.00 |            |             10 |             10
 31 |       10 | 2026-12-28      |                |        200.00 |  0.00 |  0.00 |            |              1 |              5
 32 |       10 | 2027-01-28      |                |        200.00 |  0.00 |  0.00 |            |              2 |              5
 33 |       10 | 2027-02-28      |                |        200.00 |  0.00 |  0.00 |            |              3 |              5
 34 |       10 | 2027-03-28      |                |        200.00 |  0.00 |  0.00 |            |              4 |              5
 35 |       10 | 2027-04-28      |                |        200.00 |  0.00 |  0.00 |            |              5 |              5
(20 rows)

-- 10) Parcelas de contas a receber da venda 1
SELECT * FROM CT_RECEBER WHERE VENDA_ID = 1;
 id | venda_id | data_vencimento | data_pagamento | valor_parcela | juros | multa | valor_pago | numero_parcela | total_parcelas 
----+----------+-----------------+----------------+---------------+-------+-------+------------+----------------+----------------
(0 rows)

